// Jest Snapshot v1, https://goo.gl/fbAQLP

exports[`Link component should rendered successfully 1`] = `
<a
  href="#"
/>
`;
